#
# A fatal error has been detected by the Java Runtime Environment:
#
#  EXCEPTION_ACCESS_VIOLATION (0xc0000005) at pc=0x00007ffb5471bffa, pid=41412, tid=20104
#
# JRE version: OpenJDK Runtime Environment (17.0.1+12) (build 17.0.1+12-39)
# Java VM: OpenJDK 64-Bit Server VM (17.0.1+12-39, mixed mode, emulated-client, sharing, tiered, compressed oops, compressed class ptrs, g1 gc, windows-amd64)
# Problematic frame:
# V  [jvm.dll+0x73bffa]
#
# No core dump will be written. Minidumps are not enabled by default on client versions of Windows
#
# If you would like to submit a bug report, please visit:
#   https://bugreport.java.com/bugreport/crash.jsp
#

---------------  S U M M A R Y ------------

Command Line: -XX:+ShowCodeDetailsInExceptionMessages -agentlib:jdwp=transport=dt_socket,suspend=y,address=localhost:52633 -Dcom.sun.management.jmxremote -Dcom.sun.management.jmxremote.port=62308 -Dcom.sun.management.jmxremote.authenticate=false -Dcom.sun.management.jmxremote.ssl=false -Djava.rmi.server.hostname=localhost -Dspring.jmx.enabled=true -Dmanagement.endpoints.jmx.exposure.include=* -Dspring.application.admin.enabled=true -Dspring.output.ansi.enabled=always -XX:TieredStopAtLevel=1 -Dspring.boot.project.name=gestPlanes -javaagent:D:\programas\eclipse\eclipse\configuration\org.eclipse.osgi\3367\0\.cp\lib\javaagent-shaded.jar -Dfile.encoding=UTF-8 -Dstdout.encoding=UTF-8 -Dstderr.encoding=UTF-8 com.melilla.gestPlanes.GestPlanesApplication

Host: 11th Gen Intel(R) Core(TM) i5-1135G7 @ 2.40GHz, 8 cores, 15G,  Windows 10 , 64 bit Build 26100 (10.0.26100.7623)
Time: Fri Feb 13 12:51:51 2026 Hora estándar romance elapsed time: 515.678117 seconds (0d 0h 8m 35s)

---------------  T H R E A D  ---------------

Current thread (0x0000015a9a328d30):  JavaThread "JDWP Transport Listener: dt_socket" daemon [_thread_in_vm, id=20104, stack(0x0000005115c00000,0x0000005115d00000)]

Stack: [0x0000005115c00000,0x0000005115d00000],  sp=0x0000005115cff8e0,  free space=1022k
Native frames: (J=compiled Java code, j=interpreted, Vv=VM code, C=native code)
V  [jvm.dll+0x73bffa]
V  [jvm.dll+0x50483c]
V  [jvm.dll+0x4d0154]
C  [jdwp.dll+0x22e9f]


siginfo: EXCEPTION_ACCESS_VIOLATION (0xc0000005), reading address 0x000000000112000a


Register to memory mapping:

RIP=0x00007ffb5471bffa jvm.dll
RAX=0x0000000000000117 is an unknown value
RBX=0x0000015a999e6d4b points into unknown readable memory: 3b 00 66 6c 65
RCX=0x0000000001120006 is an unknown value
RDX=0x0000015aa0dca480 points into unknown readable memory: 0x6c656d2f6d6f634c | 4c 63 6f 6d 2f 6d 65 6c
RSP=0x0000005115cff8e0 is pointing into the stack for thread: 0x0000015a9a328d30
RBP=0x0000015a9a316d80 points into unknown readable memory: 0x0000000000000002 | 02 00 00 00 00 00 00 00
RSI=0x0 is NULL
RDI=0xffffffffffffffff is an unknown value
R8 =0x33f93f1994240020 is an unknown value
R9 =0x000000000000009c is an unknown value
R10=0x0 is NULL
R11=0x0000005115cff900 is pointing into the stack for thread: 0x0000015a9a328d30
R12=0x0000005115cffa38 is pointing into the stack for thread: 0x0000015a9a328d30
R13=0x0 is NULL
R14=0x000000080165f670 is a pointer to class: 
com.melilla.gestPlanes.repository.CiudadanoSpecification {0x000000080165f678}
 - instance size:     3
 - klass size:        73
 - access:            public synchronized 
 - state:             fully_initialized
 - name:              'com/melilla/gestPlanes/repository/CiudadanoSpecification'
 - super:             'java/lang/Object'
 - sub:               
 - arrays:            NULL
 - methods:           Array<T>(0x0000015aa2d61660)
 - method ordering:   Array<T>(0x0000015aa2d62240)
 - default_methods:   Array<T>(0x0000015aa2d60910)
 - default vtable indices:   Array<T>(0x0000015aa2d60928)
 - local interfaces:  Array<T>(0x0000015aa2cab760)
 - trans. interfaces: Array<T>(0x0000015aa2d608e0)
 - constants:         constant pool [298]/operands[70] {0x0000015aa2d787a0} for 'com/melilla/gestPlanes/repository/CiudadanoSpecification' cache=0x0000015aa2d79288
 - class loader data:  loader data: 0x0000015a9bf688f0 for instance a 'org/springframework/boot/devtools/restart/classloader/RestartClassLoader'{0x0000000705802d08}
 - source file:       'CiudadanoSpecification.java'
 - source debug extension:       SMAP
CiudadanoSpecification.java
Java
*S jdt
*F
1 CiudadanoSpecification.java
2 file:/D:/proyectos/gestPlanes/target/classes/
*L
*E

 - class annotations:       Array<T>(0x0000000000000000)
 - class type annotations:  Array<T>(0x0000000000000000)
 - field annotations:       Array<T>(0x0000000000000000)
 - field type annotations:  Array<T>(0x0000000000000000)
 - generic signature: '
[error occurred during error reporting (printing register info), id 0xc0000005, EXCEPTION_ACCESS_VIOLATION (0xc0000005) at pc=0x00007ffb5471cc06]

Registers:
RAX=0x0000000000000117, RBX=0x0000015a999e6d4b, RCX=0x0000000001120006, RDX=0x0000015aa0dca480
RSP=0x0000005115cff8e0, RBP=0x0000015a9a316d80, RSI=0x0000000000000000, RDI=0xffffffffffffffff
R8 =0x33f93f1994240020, R9 =0x000000000000009c, R10=0x0000000000000000, R11=0x0000005115cff900
R12=0x0000005115cffa38, R13=0x0000000000000000, R14=0x000000080165f670, R15=0x0000005115cffa88
RIP=0x00007ffb5471bffa, EFLAGS=0x0000000000010202

Top of Stack: (sp=0x0000005115cff8e0)
0x0000005115cff8e0:   0000000000000038 000000080165f670
0x0000005115cff8f0:   0000015a9a328d30 0000000000000000
0x0000005115cff900:   ffffffffffffffff 00007ffb544e483c
0x0000005115cff910:   0000015a999e6d4b 0000015a999e6d10
0x0000005115cff920:   0000015a9a316d80 0000015a9c5d4c20
0x0000005115cff930:   0000015a999e6cc0 00000000000003d8
0x0000005115cff940:   0000015a999e6cd0 0000015a999e70a8
0x0000005115cff950:   0000000000000002 0000005115cffa38
0x0000005115cff960:   0000000000000000 0000000000000000
0x0000005115cff970:   000000070cae0c78 00007ffb544b0154
0x0000005115cff980:   0000015a9a328d30 0000005115cffa88
0x0000005115cff990:   0000015a8165eda0 0000005115cffa88
0x0000005115cff9a0:   0000015a9a328d30 0000000000000000
0x0000005115cff9b0:   0000015a00000000 0000000000000000
0x0000005115cff9c0:   000000000000000d 00007ffbeace2e9f
0x0000005115cff9d0:   0000005115cffa80 00007ffbeacf1830 

Instructions: (pc=0x00007ffb5471bffa)
0x00007ffb5471befa:   48 83 c4 20 5f e9 cc 86 96 ff cc cc cc cc cc cc
0x00007ffb5471bf0a:   cc cc cc cc cc cc 48 89 5c 24 08 57 48 83 ec 20
0x00007ffb5471bf1a:   83 fa 02 8d 42 06 b9 08 00 00 00 49 8b d8 0f 4e
0x00007ffb5471bf2a:   c1 48 63 c8 48 83 c1 07 83 e1 f8 48 63 f9 49 8b
0x00007ffb5471bf3a:   48 18 48 8b c7 48 f7 d0 48 3b c1 73 16 4c 8d 05
0x00007ffb5471bf4a:   5a 47 17 00 48 8b d7 48 8b cb e8 d7 e9 96 ff 48
0x00007ffb5471bf5a:   8b 4b 18 48 8d 04 39 48 3b 43 20 76 18 45 33 c0
0x00007ffb5471bf6a:   48 8b d7 48 8b cb 48 8b 5c 24 30 48 83 c4 20 5f
0x00007ffb5471bf7a:   e9 31 e6 96 ff 48 89 43 18 48 8b c1 48 8b 5c 24
0x00007ffb5471bf8a:   30 48 83 c4 20 5f c3 cc cc cc cc cc cc cc cc cc
0x00007ffb5471bf9a:   cc cc cc cc cc cc 4c 8b d2 4c 8b d9 45 85 c0 7e
0x00007ffb5471bfaa:   3c 44 0f b7 49 04 41 8d 40 ff 41 3b c1 44 0f 4c
0x00007ffb5471bfba:   c8 4d 63 c1 45 85 c9 7e 1f 48 8b c2 4c 2b da 49
0x00007ffb5471bfca:   8b d0 0f 1f 40 00 41 0f b6 4c 03 06 88 08 48 8d
0x00007ffb5471bfda:   40 01 48 83 ea 01 75 ee 43 c6 04 10 00 49 8b c2
0x00007ffb5471bfea:   c3 cc cc cc cc cc 48 89 5c 24 08 57 48 83 ec 20
0x00007ffb5471bffa:   0f b7 59 04 48 8b f9 33 d2 48 8d 4b 01 e8 14 9b
0x00007ffb5471c00a:   f8 ff 0f b7 57 04 4c 8b c0 3b da 0f 42 d3 44 8b
0x00007ffb5471c01a:   ca 85 d2 74 39 48 2b f8 0f 1f 40 00 66 66 0f 1f
0x00007ffb5471c02a:   84 00 00 00 00 00 0f b6 4c 07 06 88 08 48 ff c0
0x00007ffb5471c03a:   48 8b c8 49 2b c8 49 3b c9 7c eb 42 c6 04 02 00
0x00007ffb5471c04a:   49 8b c0 48 8b 5c 24 30 48 83 c4 20 5f c3 48 8b
0x00007ffb5471c05a:   5c 24 30 c6 04 02 00 48 83 c4 20 5f c3 cc cc cc
0x00007ffb5471c06a:   cc cc cc cc cc cc 4c 8b d1 45 85 c0 7e 6c 44 0f
0x00007ffb5471c07a:   b7 49 04 41 8d 40 ff 41 3b c1 44 0f 4c c8 4d 63
0x00007ffb5471c08a:   d9 45 85 c9 7e 22 48 8b ca 4c 2b d2 4d 8b c3 0f
0x00007ffb5471c09a:   1f 80 00 00 00 00 41 0f b6 44 0a 06 88 01 48 8d
0x00007ffb5471c0aa:   49 01 49 83 e8 01 75 ee 41 c6 04 13 00 48 c7 c0
0x00007ffb5471c0ba:   ff ff ff ff 66 90 48 ff c0 80 3c 02 00 75 f7 48
0x00007ffb5471c0ca:   63 c8 85 c0 48 8b c2 7e 14 80 38 2f 75 03 c6 00
0x00007ffb5471c0da:   2e 48 ff c0 48 83 e9 01 75 ef 48 8b c2 c3 cc cc
0x00007ffb5471c0ea:   cc cc cc cc cc cc 48 83 ec 28 e8 f7 fe ff ff 4c 


Stack slot to memory mapping:
stack at sp + 0 slots: 0x0000000000000038 is an unknown value
stack at sp + 1 slots: 0x000000080165f670 is a pointer to class: 
com.melilla.gestPlanes.repository.CiudadanoSpecification {0x000000080165f678}
 - instance size:     3
 - klass size:        73
 - access:            public synchronized 
 - state:             fully_initialized
 - name:              'com/melilla/gestPlanes/repository/CiudadanoSpecification'
 - super:             'java/lang/Object'
 - sub:               
 - arrays:            NULL
 - methods:           Array<T>(0x0000015aa2d61660)
 - method ordering:   Array<T>(0x0000015aa2d62240)
 - default_methods:   Array<T>(0x0000015aa2d60910)
 - default vtable indices:   Array<T>(0x0000015aa2d60928)
 - local interfaces:  Array<T>(0x0000015aa2cab760)
 - trans. interfaces: Array<T>(0x0000015aa2d608e0)
 - constants:         constant pool [298]/operands[70] {0x0000015aa2d787a0} for 'com/melilla/gestPlanes/repository/CiudadanoSpecification' cache=0x0000015aa2d79288
 - class loader data:  loader data: 0x0000015a9bf688f0 for instance a 'org/springframework/boot/devtools/restart/classloader/RestartClassLoader'{0x0000000705802d08}
 - source file:       'CiudadanoSpecification.java'
 - source debug extension:       SMAP
CiudadanoSpecification.java
Java
*S jdt
*F
1 CiudadanoSpecification.java
2 file:/D:/proyectos/gestPlanes/target/classes/
*L
*E

 - class annotations:       Array<T>(0x0000000000000000)
 - class type annotations:  Array<T>(0x0000000000000000)
 - field annotations:       Array<T>(0x0000000000000000)
 - field type annotations:  Array<T>(0x0000000000000000)
 - generic signature: '
[error occurred during error reporting (inspecting top of stack), id 0xc0000005, EXCEPTION_ACCESS_VIOLATION (0xc0000005) at pc=0x00007ffb5471cc06]


---------------  P R O C E S S  ---------------

Threads class SMR info:
_java_thread_list=0x0000015aa1212e00, length=37, elements={
0x0000015a999d0940, 0x0000015a999d0e10, 0x0000015a999e2ec0, 0x0000015a999e3390,
0x0000015a999e3860, 0x0000015a999e7d40, 0x0000015a999e8210, 0x0000015a99a17c10,
0x0000015a99a3d790, 0x0000015a9a328d30, 0x0000015a9a32cde0, 0x0000015a9a3312e0,
0x0000015a9b997eb0, 0x0000015a9ba5dbd0, 0x0000015a9ba86b10, 0x0000015a9a337350,
0x0000015a9bbf5d30, 0x0000015a9be72af0, 0x0000015a9be72fc0, 0x0000015a9be72150,
0x0000015a9be75170, 0x0000015a9be75b10, 0x0000015a9be72620, 0x0000015aa15c76f0,
0x0000015aa15c5ee0, 0x0000015aa15c8090, 0x0000015aa15c5070, 0x0000015aa15c5a10,
0x0000015aa15c5540, 0x0000015aa15c8560, 0x0000015aa15c93d0, 0x0000015aa15c6880,
0x0000015aa15c8a30, 0x0000015aa15c63b0, 0x0000015aa15c98a0, 0x0000015aa15c7bc0,
0x0000015aa15ca240
}

Java Threads: ( => current thread )
  0x0000015a999d0940 JavaThread "Reference Handler" daemon [_thread_blocked, id=47164, stack(0x0000005115100000,0x0000005115200000)]
  0x0000015a999d0e10 JavaThread "Finalizer" daemon [_thread_blocked, id=47148, stack(0x0000005115200000,0x0000005115300000)]
  0x0000015a999e2ec0 JavaThread "Signal Dispatcher" daemon [_thread_blocked, id=45336, stack(0x0000005115300000,0x0000005115400000)]
  0x0000015a999e3390 JavaThread "Attach Listener" daemon [_thread_blocked, id=20268, stack(0x0000005115400000,0x0000005115500000)]
  0x0000015a999e3860 JavaThread "Service Thread" daemon [_thread_blocked, id=26348, stack(0x0000005115500000,0x0000005115600000)]
  0x0000015a999e7d40 JavaThread "Monitor Deflation Thread" daemon [_thread_blocked, id=5452, stack(0x0000005115600000,0x0000005115700000)]
  0x0000015a999e8210 JavaThread "C1 CompilerThread0" daemon [_thread_blocked, id=35204, stack(0x0000005115700000,0x0000005115800000)]
  0x0000015a99a17c10 JavaThread "Sweeper thread" daemon [_thread_blocked, id=44380, stack(0x0000005115800000,0x0000005115900000)]
  0x0000015a99a3d790 JavaThread "Common-Cleaner" daemon [_thread_blocked, id=45156, stack(0x0000005115900000,0x0000005115a00000)]
=>0x0000015a9a328d30 JavaThread "JDWP Transport Listener: dt_socket" daemon [_thread_in_vm, id=20104, stack(0x0000005115c00000,0x0000005115d00000)]
  0x0000015a9a32cde0 JavaThread "JDWP Event Helper Thread" daemon [_thread_blocked, id=38224, stack(0x0000005115d00000,0x0000005115e00000)]
  0x0000015a9a3312e0 JavaThread "JDWP Command Reader" daemon [_thread_in_native, id=36252, stack(0x0000005115e00000,0x0000005115f00000)]
  0x0000015a9b997eb0 JavaThread "Notification Thread" daemon [_thread_blocked, id=25528, stack(0x0000005115f00000,0x0000005116000000)]
  0x0000015a9ba5dbd0 JavaThread "RMI TCP Accept-0" daemon [_thread_in_native, id=15836, stack(0x0000005116000000,0x0000005116100000)]
  0x0000015a9ba86b10 JavaThread "RMI TCP Accept-62308" daemon [_thread_in_native, id=47996, stack(0x0000005116100000,0x0000005116200000)]
  0x0000015a9a337350 JavaThread "RMI TCP Accept-0" daemon [_thread_in_native, id=30168, stack(0x0000005116a00000,0x0000005116b00000)]
  0x0000015a9bbf5d30 JavaThread "RMI Scheduler(0)" daemon [_thread_blocked, id=47528, stack(0x0000005116d00000,0x0000005116e00000)]
  0x0000015a9be72af0 JavaThread "RMI TCP Connection(idle)" daemon [_thread_blocked, id=44588, stack(0x0000005116e00000,0x0000005116f00000)]
  0x0000015a9be72fc0 JavaThread "JMX server connection timeout 25" daemon [_thread_blocked, id=6728, stack(0x0000005116f00000,0x0000005117000000)]
  0x0000015a9be72150 JavaThread "HikariPool-1 housekeeper" daemon [_thread_blocked, id=47112, stack(0x0000005117500000,0x0000005117600000)]
  0x0000015a9be75170 JavaThread "Catalina-utility-1" [_thread_blocked, id=39680, stack(0x0000005117700000,0x0000005117800000)]
  0x0000015a9be75b10 JavaThread "Catalina-utility-2" [_thread_blocked, id=36316, stack(0x0000005117800000,0x0000005117900000)]
  0x0000015a9be72620 JavaThread "container-0" [_thread_blocked, id=12392, stack(0x0000005117900000,0x0000005117a00000)]
  0x0000015aa15c76f0 JavaThread "Live Reload Server" daemon [_thread_in_native, id=26440, stack(0x0000005117a00000,0x0000005117b00000)]
  0x0000015aa15c5ee0 JavaThread "http-nio-9092-exec-1" daemon [_thread_blocked, id=45940, stack(0x0000005117b00000,0x0000005117c00000)]
  0x0000015aa15c8090 JavaThread "http-nio-9092-exec-2" daemon [_thread_blocked, id=46068, stack(0x0000005117c00000,0x0000005117d00000)]
  0x0000015aa15c5070 JavaThread "http-nio-9092-exec-3" daemon [_thread_blocked, id=32344, stack(0x0000005117d00000,0x0000005117e00000)]
  0x0000015aa15c5a10 JavaThread "http-nio-9092-exec-4" daemon [_thread_blocked, id=47280, stack(0x0000005117e00000,0x0000005117f00000)]
  0x0000015aa15c5540 JavaThread "http-nio-9092-exec-5" daemon [_thread_blocked, id=47760, stack(0x0000005117f00000,0x0000005118000000)]
  0x0000015aa15c8560 JavaThread "http-nio-9092-exec-6" daemon [_thread_blocked, id=37532, stack(0x0000005118000000,0x0000005118100000)]
  0x0000015aa15c93d0 JavaThread "http-nio-9092-exec-7" daemon [_thread_blocked, id=47348, stack(0x0000005118100000,0x0000005118200000)]
  0x0000015aa15c6880 JavaThread "http-nio-9092-exec-8" daemon [_thread_blocked, id=47864, stack(0x0000005118200000,0x0000005118300000)]
  0x0000015aa15c8a30 JavaThread "http-nio-9092-exec-9" daemon [_thread_blocked, id=47720, stack(0x0000005118300000,0x0000005118400000)]
  0x0000015aa15c63b0 JavaThread "http-nio-9092-exec-10" daemon [_thread_blocked, id=45308, stack(0x0000005118400000,0x0000005118500000)]
  0x0000015aa15c98a0 JavaThread "http-nio-9092-Poller" daemon [_thread_in_native, id=20556, stack(0x0000005118500000,0x0000005118600000)]
  0x0000015aa15c7bc0 JavaThread "DestroyJavaVM" [_thread_blocked, id=31628, stack(0x0000005114a00000,0x0000005114b00000)]
  0x0000015aa15ca240 JavaThread "Thread-5" [_thread_blocked, id=26132, stack(0x0000005114700000,0x0000005114800000)]

Other Threads:
  0x0000015a999caff0 VMThread "VM Thread" [stack: 0x0000005115000000,0x0000005115100000] [id=37044]
  0x0000015a837fbec0 WatcherThread [stack: 0x0000005116b00000,0x0000005116c00000] [id=36820]
  0x0000015a83849720 GCTaskThread "GC Thread#0" [stack: 0x0000005114b00000,0x0000005114c00000] [id=43888]
  0x0000015a9babd020 GCTaskThread "GC Thread#1" [stack: 0x0000005116200000,0x0000005116300000] [id=6588]
  0x0000015a9babd2d0 GCTaskThread "GC Thread#2" [stack: 0x0000005116300000,0x0000005116400000] [id=38800]
  0x0000015a9bac19a0 GCTaskThread "GC Thread#3" [stack: 0x0000005116400000,0x0000005116500000] [id=44252]
  0x0000015a9bac1c50 GCTaskThread "GC Thread#4" [stack: 0x0000005116500000,0x0000005116600000] [id=36040]
  0x0000015a9bac1f00 GCTaskThread "GC Thread#5" [stack: 0x0000005116600000,0x0000005116700000] [id=45888]
  0x0000015a9bae8680 GCTaskThread "GC Thread#6" [stack: 0x0000005116700000,0x0000005116800000] [id=46004]
  0x0000015a9baec940 GCTaskThread "GC Thread#7" [stack: 0x0000005116800000,0x0000005116900000] [id=47876]
  0x0000015a8385a1e0 ConcurrentGCThread "G1 Main Marker" [stack: 0x0000005114c00000,0x0000005114d00000] [id=40496]
  0x0000015a8385be10 ConcurrentGCThread "G1 Conc#0" [stack: 0x0000005114d00000,0x0000005114e00000] [id=36632]
  0x0000015a9c9bf0f0 ConcurrentGCThread "G1 Conc#1" [stack: 0x0000005117400000,0x0000005117500000] [id=45664]
  0x0000015a83895110 ConcurrentGCThread "G1 Refine#0" [stack: 0x0000005114e00000,0x0000005114f00000] [id=44204]
  0x0000015a9bacf280 ConcurrentGCThread "G1 Refine#1" [stack: 0x0000005116900000,0x0000005116a00000] [id=47288]
  0x0000015a838953f0 ConcurrentGCThread "G1 Service" [stack: 0x0000005114f00000,0x0000005115000000] [id=34876]

Threads with active compile tasks:

VM state: not at safepoint (normal execution)

VM Mutex/Monitor currently owned by a thread: None

Heap address: 0x0000000704e00000, size: 4018 MB, Compressed Oops mode: Zero based, Oop shift amount: 3

CDS archive(s) mapped at: [0x0000000800000000-0x0000000800bc0000-0x0000000800bc0000), size 12320768, SharedBaseAddress: 0x0000000800000000, ArchiveRelocationMode: 0.
Compressed class space mapped at: 0x0000000800c00000-0x0000000840c00000, reserved size: 1073741824
Narrow klass base: 0x0000000800000000, Narrow klass shift: 0, Narrow klass range: 0x100000000

GC Precious Log:
 CPUs: 8 total, 8 available
 Memory: 16064M
 Large Page Support: Disabled
 NUMA Support: Disabled
 Compressed Oops: Enabled (Zero based)
 Heap Region Size: 2M
 Heap Min Capacity: 8M
 Heap Initial Capacity: 252M
 Heap Max Capacity: 4018M
 Pre-touch: Disabled
 Parallel Workers: 8
 Concurrent Workers: 2
 Concurrent Refinement Workers: 8
 Periodic GC: Disabled

Heap:
 garbage-first heap   total 282624K, used 211883K [0x0000000704e00000, 0x0000000800000000)
  region size 2048K, 73 young (149504K), 8 survivors (16384K)
 Metaspace       used 82663K, committed 83392K, reserved 1122304K
  class space    used 11939K, committed 12288K, reserved 1048576K

Heap Regions: E=young(eden), S=young(survivor), O=old, HS=humongous(starts), HC=humongous(continues), CS=collection set, F=free, OA=open archive, CA=closed archive, TAMS=top-at-mark-start (previous, next)
|   0|0x0000000704e00000, 0x0000000705000000, 0x0000000705000000|100%| O|  |TAMS 0x0000000705000000, 0x0000000704e00000| Untracked 
|   1|0x0000000705000000, 0x0000000705200000, 0x0000000705200000|100%| O|  |TAMS 0x0000000705200000, 0x0000000705000000| Untracked 
|   2|0x0000000705200000, 0x0000000705400000, 0x0000000705400000|100%| O|  |TAMS 0x0000000705400000, 0x0000000705200000| Untracked 
|   3|0x0000000705400000, 0x0000000705600000, 0x0000000705600000|100%| O|  |TAMS 0x0000000705600000, 0x0000000705400000| Untracked 
|   4|0x0000000705600000, 0x0000000705800000, 0x0000000705800000|100%| O|  |TAMS 0x0000000705800000, 0x0000000705600000| Untracked 
|   5|0x0000000705800000, 0x0000000705a00000, 0x0000000705a00000|100%| O|  |TAMS 0x0000000705a00000, 0x0000000705800000| Untracked 
|   6|0x0000000705a00000, 0x0000000705c00000, 0x0000000705c00000|100%| O|  |TAMS 0x0000000705c00000, 0x0000000705a00000| Untracked 
|   7|0x0000000705c00000, 0x0000000705e00000, 0x0000000705e00000|100%| O|  |TAMS 0x0000000705e00000, 0x0000000705c00000| Untracked 
|   8|0x0000000705e00000, 0x0000000706000000, 0x0000000706000000|100%| O|  |TAMS 0x0000000706000000, 0x0000000705e00000| Untracked 
|   9|0x0000000706000000, 0x0000000706200000, 0x0000000706200000|100%| O|  |TAMS 0x0000000706200000, 0x0000000706000000| Untracked 
|  10|0x0000000706200000, 0x0000000706400000, 0x0000000706400000|100%| O|  |TAMS 0x0000000706400000, 0x0000000706200000| Untracked 
|  11|0x0000000706400000, 0x0000000706600000, 0x0000000706600000|100%| O|  |TAMS 0x0000000706600000, 0x0000000706400000| Untracked 
|  12|0x0000000706600000, 0x0000000706800000, 0x0000000706800000|100%| O|  |TAMS 0x0000000706800000, 0x0000000706600000| Untracked 
|  13|0x0000000706800000, 0x0000000706a00000, 0x0000000706a00000|100%| O|  |TAMS 0x0000000706a00000, 0x0000000706800000| Untracked 
|  14|0x0000000706a00000, 0x0000000706c00000, 0x0000000706c00000|100%| O|  |TAMS 0x0000000706c00000, 0x0000000706a00000| Untracked 
|  15|0x0000000706c00000, 0x0000000706e00000, 0x0000000706e00000|100%| O|  |TAMS 0x0000000706e00000, 0x0000000706c00000| Untracked 
|  16|0x0000000706e00000, 0x0000000707000000, 0x0000000707000000|100%| O|  |TAMS 0x0000000707000000, 0x0000000706e00000| Untracked 
|  17|0x0000000707000000, 0x0000000707200000, 0x0000000707200000|100%| O|  |TAMS 0x0000000707200000, 0x0000000707000000| Untracked 
|  18|0x0000000707200000, 0x0000000707400000, 0x0000000707400000|100%| O|  |TAMS 0x0000000707400000, 0x0000000707200000| Untracked 
|  19|0x0000000707400000, 0x0000000707600000, 0x0000000707600000|100%| O|  |TAMS 0x0000000707600000, 0x0000000707400000| Untracked 
|  20|0x0000000707600000, 0x0000000707800000, 0x0000000707800000|100%| O|  |TAMS 0x0000000707800000, 0x0000000707600000| Untracked 
|  21|0x0000000707800000, 0x0000000707a00000, 0x0000000707a00000|100%| O|  |TAMS 0x0000000707a00000, 0x0000000707800000| Untracked 
|  22|0x0000000707a00000, 0x0000000707c00000, 0x0000000707c00000|100%| O|  |TAMS 0x0000000707c00000, 0x0000000707a00000| Untracked 
|  23|0x0000000707c00000, 0x0000000707cc0a00, 0x0000000707e00000| 37%| O|  |TAMS 0x0000000707cc0a00, 0x0000000707c00000| Untracked 
|  24|0x0000000707e00000, 0x0000000708000000, 0x0000000708000000|100%| O|  |TAMS 0x0000000707e00000, 0x0000000707e00000| Untracked 
|  25|0x0000000708000000, 0x0000000708200000, 0x0000000708200000|100%| O|  |TAMS 0x0000000708000000, 0x0000000708000000| Untracked 
|  26|0x0000000708200000, 0x0000000708400000, 0x0000000708400000|100%| O|  |TAMS 0x0000000708200000, 0x0000000708200000| Untracked 
|  27|0x0000000708400000, 0x0000000708600000, 0x0000000708600000|100%| O|  |TAMS 0x0000000708400000, 0x0000000708400000| Untracked 
|  28|0x0000000708600000, 0x0000000708800000, 0x0000000708800000|100%| O|  |TAMS 0x0000000708600000, 0x0000000708600000| Untracked 
|  29|0x0000000708800000, 0x0000000708a00000, 0x0000000708a00000|100%| O|  |TAMS 0x0000000708800000, 0x0000000708800000| Untracked 
|  30|0x0000000708a00000, 0x0000000708c00000, 0x0000000708c00000|100%| O|  |TAMS 0x0000000708a00000, 0x0000000708a00000| Untracked 
|  31|0x0000000708c00000, 0x0000000708e00000, 0x0000000708e00000|100%| O|  |TAMS 0x0000000708c00000, 0x0000000708c00000| Untracked 
|  32|0x0000000708e00000, 0x0000000708efec00, 0x0000000709000000| 49%| O|  |TAMS 0x0000000708e00000, 0x0000000708e00000| Untracked 
|  33|0x0000000709000000, 0x0000000709000000, 0x0000000709200000|  0%| F|  |TAMS 0x0000000709000000, 0x0000000709000000| Untracked 
|  34|0x0000000709200000, 0x0000000709200000, 0x0000000709400000|  0%| F|  |TAMS 0x0000000709200000, 0x0000000709200000| Untracked 
|  35|0x0000000709400000, 0x0000000709400000, 0x0000000709600000|  0%| F|  |TAMS 0x0000000709400000, 0x0000000709400000| Untracked 
|  36|0x0000000709600000, 0x0000000709600000, 0x0000000709800000|  0%| F|  |TAMS 0x0000000709600000, 0x0000000709600000| Untracked 
|  37|0x0000000709800000, 0x0000000709800000, 0x0000000709a00000|  0%| F|  |TAMS 0x0000000709800000, 0x0000000709800000| Untracked 
|  38|0x0000000709a00000, 0x0000000709a00000, 0x0000000709c00000|  0%| F|  |TAMS 0x0000000709a00000, 0x0000000709a00000| Untracked 
|  39|0x0000000709c00000, 0x0000000709c00000, 0x0000000709e00000|  0%| F|  |TAMS 0x0000000709c00000, 0x0000000709c00000| Untracked 
|  40|0x0000000709e00000, 0x0000000709e00000, 0x000000070a000000|  0%| F|  |TAMS 0x0000000709e00000, 0x0000000709e00000| Untracked 
|  41|0x000000070a000000, 0x000000070a000000, 0x000000070a200000|  0%| F|  |TAMS 0x000000070a000000, 0x000000070a000000| Untracked 
|  42|0x000000070a200000, 0x000000070a200000, 0x000000070a400000|  0%| F|  |TAMS 0x000000070a200000, 0x000000070a200000| Untracked 
|  43|0x000000070a400000, 0x000000070a400000, 0x000000070a600000|  0%| F|  |TAMS 0x000000070a400000, 0x000000070a400000| Untracked 
|  44|0x000000070a600000, 0x000000070a600000, 0x000000070a800000|  0%| F|  |TAMS 0x000000070a600000, 0x000000070a600000| Untracked 
|  45|0x000000070a800000, 0x000000070a800000, 0x000000070aa00000|  0%| F|  |TAMS 0x000000070a800000, 0x000000070a800000| Untracked 
|  46|0x000000070aa00000, 0x000000070aa00000, 0x000000070ac00000|  0%| F|  |TAMS 0x000000070aa00000, 0x000000070aa00000| Untracked 
|  47|0x000000070ac00000, 0x000000070ac00000, 0x000000070ae00000|  0%| F|  |TAMS 0x000000070ac00000, 0x000000070ac00000| Untracked 
|  48|0x000000070ae00000, 0x000000070af2b6e0, 0x000000070b000000| 58%| S|CS|TAMS 0x000000070ae00000, 0x000000070ae00000| Complete 
|  49|0x000000070b000000, 0x000000070b200000, 0x000000070b200000|100%| S|CS|TAMS 0x000000070b000000, 0x000000070b000000| Complete 
|  50|0x000000070b200000, 0x000000070b400000, 0x000000070b400000|100%| S|CS|TAMS 0x000000070b200000, 0x000000070b200000| Complete 
|  51|0x000000070b400000, 0x000000070b600000, 0x000000070b600000|100%| S|CS|TAMS 0x000000070b400000, 0x000000070b400000| Complete 
|  52|0x000000070b600000, 0x000000070b800000, 0x000000070b800000|100%| S|CS|TAMS 0x000000070b600000, 0x000000070b600000| Complete 
|  53|0x000000070b800000, 0x000000070ba00000, 0x000000070ba00000|100%| S|CS|TAMS 0x000000070b800000, 0x000000070b800000| Complete 
|  54|0x000000070ba00000, 0x000000070bc00000, 0x000000070bc00000|100%| S|CS|TAMS 0x000000070ba00000, 0x000000070ba00000| Complete 
|  55|0x000000070bc00000, 0x000000070bc00000, 0x000000070be00000|  0%| F|  |TAMS 0x000000070bc00000, 0x000000070bc00000| Untracked 
|  56|0x000000070be00000, 0x000000070be00000, 0x000000070c000000|  0%| F|  |TAMS 0x000000070be00000, 0x000000070be00000| Untracked 
|  57|0x000000070c000000, 0x000000070c000000, 0x000000070c200000|  0%| F|  |TAMS 0x000000070c000000, 0x000000070c000000| Untracked 
|  58|0x000000070c200000, 0x000000070c200000, 0x000000070c400000|  0%| F|  |TAMS 0x000000070c200000, 0x000000070c200000| Untracked 
|  59|0x000000070c400000, 0x000000070c400000, 0x000000070c600000|  0%| F|  |TAMS 0x000000070c400000, 0x000000070c400000| Untracked 
|  60|0x000000070c600000, 0x000000070c600000, 0x000000070c800000|  0%| F|  |TAMS 0x000000070c600000, 0x000000070c600000| Untracked 
|  61|0x000000070c800000, 0x000000070c800000, 0x000000070ca00000|  0%| F|  |TAMS 0x000000070c800000, 0x000000070c800000| Untracked 
|  62|0x000000070ca00000, 0x000000070cc00000, 0x000000070cc00000|100%| S|CS|TAMS 0x000000070ca00000, 0x000000070ca00000| Complete 
|  63|0x000000070cc00000, 0x000000070cc00000, 0x000000070ce00000|  0%| F|  |TAMS 0x000000070cc00000, 0x000000070cc00000| Untracked 
|  64|0x000000070ce00000, 0x000000070ce00000, 0x000000070d000000|  0%| F|  |TAMS 0x000000070ce00000, 0x000000070ce00000| Untracked 
|  65|0x000000070d000000, 0x000000070d000000, 0x000000070d200000|  0%| F|  |TAMS 0x000000070d000000, 0x000000070d000000| Untracked 
|  66|0x000000070d200000, 0x000000070d200000, 0x000000070d400000|  0%| F|  |TAMS 0x000000070d200000, 0x000000070d200000| Untracked 
|  67|0x000000070d400000, 0x000000070d400000, 0x000000070d600000|  0%| F|  |TAMS 0x000000070d400000, 0x000000070d400000| Untracked 
|  68|0x000000070d600000, 0x000000070d600000, 0x000000070d800000|  0%| F|  |TAMS 0x000000070d600000, 0x000000070d600000| Untracked 
|  69|0x000000070d800000, 0x000000070d800000, 0x000000070da00000|  0%| F|  |TAMS 0x000000070d800000, 0x000000070d800000| Untracked 
|  70|0x000000070da00000, 0x000000070da00000, 0x000000070dc00000|  0%| F|  |TAMS 0x000000070da00000, 0x000000070da00000| Untracked 
|  71|0x000000070dc00000, 0x000000070dc00000, 0x000000070de00000|  0%| F|  |TAMS 0x000000070dc00000, 0x000000070dc00000| Untracked 
|  72|0x000000070de00000, 0x000000070de00000, 0x000000070e000000|  0%| F|  |TAMS 0x000000070de00000, 0x000000070de00000| Untracked 
|  73|0x000000070e000000, 0x000000070e200000, 0x000000070e200000|100%| E|  |TAMS 0x000000070e000000, 0x000000070e000000| Complete 
|  74|0x000000070e200000, 0x000000070e400000, 0x000000070e400000|100%| E|CS|TAMS 0x000000070e200000, 0x000000070e200000| Complete 
|  75|0x000000070e400000, 0x000000070e600000, 0x000000070e600000|100%| E|CS|TAMS 0x000000070e400000, 0x000000070e400000| Complete 
|  76|0x000000070e600000, 0x000000070e800000, 0x000000070e800000|100%| E|CS|TAMS 0x000000070e600000, 0x000000070e600000| Complete 
|  77|0x000000070e800000, 0x000000070ea00000, 0x000000070ea00000|100%| E|CS|TAMS 0x000000070e800000, 0x000000070e800000| Complete 
|  78|0x000000070ea00000, 0x000000070ec00000, 0x000000070ec00000|100%| E|CS|TAMS 0x000000070ea00000, 0x000000070ea00000| Complete 
|  79|0x000000070ec00000, 0x000000070ee00000, 0x000000070ee00000|100%| E|CS|TAMS 0x000000070ec00000, 0x000000070ec00000| Complete 
|  80|0x000000070ee00000, 0x000000070f000000, 0x000000070f000000|100%| E|CS|TAMS 0x000000070ee00000, 0x000000070ee00000| Complete 
|  81|0x000000070f000000, 0x000000070f200000, 0x000000070f200000|100%| E|CS|TAMS 0x000000070f000000, 0x000000070f000000| Complete 
|  82|0x000000070f200000, 0x000000070f400000, 0x000000070f400000|100%| E|CS|TAMS 0x000000070f200000, 0x000000070f200000| Complete 
|  83|0x000000070f400000, 0x000000070f600000, 0x000000070f600000|100%| E|CS|TAMS 0x000000070f400000, 0x000000070f400000| Complete 
|  84|0x000000070f600000, 0x000000070f800000, 0x000000070f800000|100%| E|CS|TAMS 0x000000070f600000, 0x000000070f600000| Complete 
|  85|0x000000070f800000, 0x000000070fa00000, 0x000000070fa00000|100%| E|CS|TAMS 0x000000070f800000, 0x000000070f800000| Complete 
|  86|0x000000070fa00000, 0x000000070fc00000, 0x000000070fc00000|100%| E|CS|TAMS 0x000000070fa00000, 0x000000070fa00000| Complete 
|  87|0x000000070fc00000, 0x000000070fe00000, 0x000000070fe00000|100%| E|CS|TAMS 0x000000070fc00000, 0x000000070fc00000| Complete 
|  88|0x000000070fe00000, 0x0000000710000000, 0x0000000710000000|100%| E|CS|TAMS 0x000000070fe00000, 0x000000070fe00000| Complete 
|  89|0x0000000710000000, 0x0000000710200000, 0x0000000710200000|100%| E|CS|TAMS 0x0000000710000000, 0x0000000710000000| Complete 
|  90|0x0000000710200000, 0x0000000710400000, 0x0000000710400000|100%| E|CS|TAMS 0x0000000710200000, 0x0000000710200000| Complete 
|  91|0x0000000710400000, 0x0000000710600000, 0x0000000710600000|100%| E|CS|TAMS 0x0000000710400000, 0x0000000710400000| Complete 
|  92|0x0000000710600000, 0x0000000710800000, 0x0000000710800000|100%| E|CS|TAMS 0x0000000710600000, 0x0000000710600000| Complete 
|  93|0x0000000710800000, 0x0000000710a00000, 0x0000000710a00000|100%| E|CS|TAMS 0x0000000710800000, 0x0000000710800000| Complete 
|  94|0x0000000710a00000, 0x0000000710c00000, 0x0000000710c00000|100%| E|CS|TAMS 0x0000000710a00000, 0x0000000710a00000| Complete 
|  95|0x0000000710c00000, 0x0000000710e00000, 0x0000000710e00000|100%| E|CS|TAMS 0x0000000710c00000, 0x0000000710c00000| Complete 
|  96|0x0000000710e00000, 0x0000000711000000, 0x0000000711000000|100%| E|CS|TAMS 0x0000000710e00000, 0x0000000710e00000| Complete 
|  97|0x0000000711000000, 0x0000000711200000, 0x0000000711200000|100%| E|CS|TAMS 0x0000000711000000, 0x0000000711000000| Complete 
|  98|0x0000000711200000, 0x0000000711400000, 0x0000000711400000|100%| E|CS|TAMS 0x0000000711200000, 0x0000000711200000| Complete 
|  99|0x0000000711400000, 0x0000000711600000, 0x0000000711600000|100%| E|CS|TAMS 0x0000000711400000, 0x0000000711400000| Complete 
| 100|0x0000000711600000, 0x0000000711800000, 0x0000000711800000|100%| E|CS|TAMS 0x0000000711600000, 0x0000000711600000| Complete 
| 101|0x0000000711800000, 0x0000000711a00000, 0x0000000711a00000|100%| E|CS|TAMS 0x0000000711800000, 0x0000000711800000| Complete 
| 102|0x0000000711a00000, 0x0000000711c00000, 0x0000000711c00000|100%| E|CS|TAMS 0x0000000711a00000, 0x0000000711a00000| Complete 
| 103|0x0000000711c00000, 0x0000000711e00000, 0x0000000711e00000|100%| E|CS|TAMS 0x0000000711c00000, 0x0000000711c00000| Complete 
| 104|0x0000000711e00000, 0x0000000712000000, 0x0000000712000000|100%| E|CS|TAMS 0x0000000711e00000, 0x0000000711e00000| Complete 
| 105|0x0000000712000000, 0x0000000712200000, 0x0000000712200000|100%| E|CS|TAMS 0x0000000712000000, 0x0000000712000000| Complete 
| 106|0x0000000712200000, 0x0000000712400000, 0x0000000712400000|100%| E|CS|TAMS 0x0000000712200000, 0x0000000712200000| Complete 
| 107|0x0000000712400000, 0x0000000712600000, 0x0000000712600000|100%| E|CS|TAMS 0x0000000712400000, 0x0000000712400000| Complete 
| 108|0x0000000712600000, 0x0000000712800000, 0x0000000712800000|100%| E|CS|TAMS 0x0000000712600000, 0x0000000712600000| Complete 
| 109|0x0000000712800000, 0x0000000712a00000, 0x0000000712a00000|100%| E|CS|TAMS 0x0000000712800000, 0x0000000712800000| Complete 
| 110|0x0000000712a00000, 0x0000000712c00000, 0x0000000712c00000|100%| E|CS|TAMS 0x0000000712a00000, 0x0000000712a00000| Complete 
| 111|0x0000000712c00000, 0x0000000712e00000, 0x0000000712e00000|100%| E|CS|TAMS 0x0000000712c00000, 0x0000000712c00000| Complete 
| 112|0x0000000712e00000, 0x0000000713000000, 0x0000000713000000|100%| E|CS|TAMS 0x0000000712e00000, 0x0000000712e00000| Complete 
| 113|0x0000000713000000, 0x0000000713200000, 0x0000000713200000|100%| E|CS|TAMS 0x0000000713000000, 0x0000000713000000| Complete 
| 114|0x0000000713200000, 0x0000000713400000, 0x0000000713400000|100%| E|CS|TAMS 0x0000000713200000, 0x0000000713200000| Complete 
| 115|0x0000000713400000, 0x0000000713600000, 0x0000000713600000|100%| E|CS|TAMS 0x0000000713400000, 0x0000000713400000| Complete 
| 116|0x0000000713600000, 0x0000000713800000, 0x0000000713800000|100%| E|CS|TAMS 0x0000000713600000, 0x0000000713600000| Complete 
| 117|0x0000000713800000, 0x0000000713a00000, 0x0000000713a00000|100%| E|CS|TAMS 0x0000000713800000, 0x0000000713800000| Complete 
| 118|0x0000000713a00000, 0x0000000713c00000, 0x0000000713c00000|100%| E|CS|TAMS 0x0000000713a00000, 0x0000000713a00000| Complete 
| 119|0x0000000713c00000, 0x0000000713e00000, 0x0000000713e00000|100%| E|CS|TAMS 0x0000000713c00000, 0x0000000713c00000| Complete 
| 120|0x0000000713e00000, 0x0000000714000000, 0x0000000714000000|100%| E|CS|TAMS 0x0000000713e00000, 0x0000000713e00000| Complete 
| 121|0x0000000714000000, 0x0000000714200000, 0x0000000714200000|100%| E|CS|TAMS 0x0000000714000000, 0x0000000714000000| Complete 
| 122|0x0000000714200000, 0x0000000714400000, 0x0000000714400000|100%| E|CS|TAMS 0x0000000714200000, 0x0000000714200000| Complete 
| 123|0x0000000714400000, 0x0000000714600000, 0x0000000714600000|100%| E|CS|TAMS 0x0000000714400000, 0x0000000714400000| Complete 
| 124|0x0000000714600000, 0x0000000714800000, 0x0000000714800000|100%| E|CS|TAMS 0x0000000714600000, 0x0000000714600000| Complete 
| 125|0x0000000714800000, 0x0000000714a00000, 0x0000000714a00000|100%| E|CS|TAMS 0x0000000714800000, 0x0000000714800000| Complete 
| 126|0x0000000714a00000, 0x0000000714c00000, 0x0000000714c00000|100%| E|CS|TAMS 0x0000000714a00000, 0x0000000714a00000| Complete 
| 127|0x0000000714c00000, 0x0000000714e00000, 0x0000000714e00000|100%| E|CS|TAMS 0x0000000714c00000, 0x0000000714c00000| Complete 
| 128|0x0000000714e00000, 0x0000000715000000, 0x0000000715000000|100%| E|CS|TAMS 0x0000000714e00000, 0x0000000714e00000| Complete 
| 129|0x0000000715000000, 0x0000000715200000, 0x0000000715200000|100%| E|CS|TAMS 0x0000000715000000, 0x0000000715000000| Complete 
| 130|0x0000000715200000, 0x0000000715400000, 0x0000000715400000|100%| E|CS|TAMS 0x0000000715200000, 0x0000000715200000| Complete 
| 131|0x0000000715400000, 0x0000000715600000, 0x0000000715600000|100%| E|CS|TAMS 0x0000000715400000, 0x0000000715400000| Complete 
| 132|0x0000000715600000, 0x0000000715800000, 0x0000000715800000|100%| E|CS|TAMS 0x0000000715600000, 0x0000000715600000| Complete 
| 133|0x0000000715800000, 0x0000000715a00000, 0x0000000715a00000|100%| E|CS|TAMS 0x0000000715800000, 0x0000000715800000| Complete 
| 134|0x0000000715a00000, 0x0000000715c00000, 0x0000000715c00000|100%| E|CS|TAMS 0x0000000715a00000, 0x0000000715a00000| Complete 
| 135|0x0000000715c00000, 0x0000000715e00000, 0x0000000715e00000|100%| E|CS|TAMS 0x0000000715c00000, 0x0000000715c00000| Complete 
| 156|0x0000000718600000, 0x0000000718800000, 0x0000000718800000|100%| E|CS|TAMS 0x0000000718600000, 0x0000000718600000| Complete 
| 157|0x0000000718800000, 0x0000000718a00000, 0x0000000718a00000|100%| E|CS|TAMS 0x0000000718800000, 0x0000000718800000| Complete 

Card table byte_map: [0x0000015a8e8b0000,0x0000015a8f090000] _byte_map_base: 0x0000015a8b089000

Marking Bits (Prev, Next): (CMBitMap*) 0x0000015a83849c80, (CMBitMap*) 0x0000015a83849c40
 Prev Bits: [0x0000015a93740000, 0x0000015a97608000)
 Next Bits: [0x0000015a8f870000, 0x0000015a93738000)

Polling page: 0x0000015a816f0000

Metaspace:

Usage:
  Non-class:     69.07 MB used.
      Class:     11.66 MB used.
       Both:     80.73 MB used.

Virtual space:
  Non-class space:       72.00 MB reserved,      69.44 MB ( 96%) committed,  9 nodes.
      Class space:        1.00 GB reserved,      12.00 MB (  1%) committed,  1 nodes.
             Both:        1.07 GB reserved,      81.44 MB (  7%) committed. 

Chunk freelists:
   Non-Class:  2.52 MB
       Class:  16.00 KB
        Both:  2.53 MB

MaxMetaspaceSize: unlimited
CompressedClassSpaceSize: 1.00 GB
Initial GC threshold: 21.00 MB
Current GC threshold: 97.50 MB
CDS: on
MetaspaceReclaimPolicy: balanced
 - commit_granule_bytes: 65536.
 - commit_granule_words: 8192.
 - virtual_space_node_default_size: 1048576.
 - enlarge_chunks_in_place: 1.
 - new_chunks_are_fully_committed: 0.
 - uncommit_free_chunks: 1.
 - use_allocation_guard: 0.
 - handle_deallocations: 1.


Internal statistics:

num_allocs_failed_limit: 6.
num_arena_births: 1100.
num_arena_deaths: 0.
num_vsnodes_births: 10.
num_vsnodes_deaths: 0.
num_space_committed: 1303.
num_space_uncommitted: 0.
num_chunks_returned_to_freelist: 6.
num_chunks_taken_from_freelist: 4298.
num_chunk_merges: 6.
num_chunk_splits: 3065.
num_chunks_enlarged: 2302.
num_purges: 0.
num_inconsistent_stats: 0.

CodeCache: size=49152Kb used=18361Kb max_used=19639Kb free=30790Kb
 bounds [0x0000015a8afc0000, 0x0000015a8c2f0000, 0x0000015a8dfc0000]
 total_blobs=10815 nmethods=10117 adapters=624
 compilation: enabled
              stopped_count=0, restarted_count=0
 full_count=0

Compilation events (20 events):
Event: 443.398 Thread 0x0000015a999e8210 10263       1       org.apache.catalina.valves.ValveBase::backgroundProcess (1 bytes)
Event: 443.398 Thread 0x0000015a999e8210 nmethod 10263 0x0000015a8b5bb390 code [0x0000015a8b5bb520, 0x0000015a8b5bb5d8]
Event: 483.424 Thread 0x0000015a999e8210 10264       1       java.util.EventObject::getSource (5 bytes)
Event: 483.424 Thread 0x0000015a999e8210 nmethod 10264 0x0000015a8b5bb090 code [0x0000015a8b5bb220, 0x0000015a8b5bb2f8]
Event: 515.036 Thread 0x0000015a999e8210 10265       1       org.springframework.boot.devtools.filewatch.FileSnapshot::getFile (5 bytes)
Event: 515.037 Thread 0x0000015a999e8210 nmethod 10265 0x0000015a8b5bad90 code [0x0000015a8b5baf20, 0x0000015a8b5baff8]
Event: 515.041 Thread 0x0000015a999e8210 10266       1       org.springframework.boot.devtools.filewatch.DirectorySnapshot::acceptChangedFile (23 bytes)
Event: 515.041 Thread 0x0000015a999e8210 nmethod 10266 0x0000015a8b5ba990 code [0x0000015a8b5bab20, 0x0000015a8b5bac68]
Event: 515.055 Thread 0x0000015a999e8210 10267       1       java.util.ArrayList::remove (76 bytes)
Event: 515.055 Thread 0x0000015a999e8210 nmethod 10267 0x0000015a8b5ba410 code [0x0000015a8b5ba5c0, 0x0000015a8b5ba7f8]
Event: 515.067 Thread 0x0000015a999e8210 10268       1       org.springframework.context.event.GenericApplicationListenerAdapter::resolveDeclaredEventType (57 bytes)
Event: 515.068 Thread 0x0000015a999e8210 nmethod 10268 0x0000015a8b5b9d90 code [0x0000015a8b5b9f60, 0x0000015a8b5ba268]
Event: 515.068 Thread 0x0000015a999e8210 10269       1       org.springframework.context.event.AbstractApplicationEventMulticaster::supportsEvent (56 bytes)
Event: 515.068 Thread 0x0000015a999e8210 nmethod 10269 0x0000015a8b5b9590 code [0x0000015a8b5b9780, 0x0000015a8b5b9bb8]
Event: 515.073 Thread 0x0000015a999e8210 10270       1       org.springframework.beans.factory.FactoryBean::isSingleton (2 bytes)
Event: 515.073 Thread 0x0000015a999e8210 nmethod 10270 0x0000015a8b5b9290 code [0x0000015a8b5b9420, 0x0000015a8b5b94f8]
Event: 515.074 Thread 0x0000015a999e8210 10271       1       org.springframework.data.repository.config.PropertiesBasedNamedQueriesFactoryBean::isSingleton (5 bytes)
Event: 515.074 Thread 0x0000015a999e8210 nmethod 10271 0x0000015a8b5b8f90 code [0x0000015a8b5b9120, 0x0000015a8b5b91f8]
Event: 515.074 Thread 0x0000015a999e8210 10272       1       org.springframework.data.repository.core.support.RepositoryFactoryBeanSupport::isSingleton (2 bytes)
Event: 515.074 Thread 0x0000015a999e8210 nmethod 10272 0x0000015a8b5b8c90 code [0x0000015a8b5b8e20, 0x0000015a8b5b8ef8]

GC Heap History (20 events):
Event: 6.975 GC heap before
{Heap before GC invocations=26 (full 0):
 garbage-first heap   total 161792K, used 137048K [0x0000000704e00000, 0x0000000800000000)
  region size 2048K, 44 young (90112K), 2 survivors (4096K)
 Metaspace       used 35291K, committed 35776K, reserved 1081344K
  class space    used 4814K, committed 5056K, reserved 1048576K
}
Event: 6.978 GC heap after
{Heap after GC invocations=27 (full 0):
 garbage-first heap   total 323584K, used 51538K [0x0000000704e00000, 0x0000000800000000)
  region size 2048K, 2 young (4096K), 2 survivors (4096K)
 Metaspace       used 35291K, committed 35776K, reserved 1081344K
  class space    used 4814K, committed 5056K, reserved 1048576K
}
Event: 8.480 GC heap before
{Heap before GC invocations=27 (full 0):
 garbage-first heap   total 323584K, used 239954K [0x0000000704e00000, 0x0000000800000000)
  region size 2048K, 94 young (192512K), 2 survivors (4096K)
 Metaspace       used 47044K, committed 47488K, reserved 1097728K
  class space    used 6527K, committed 6720K, reserved 1048576K
}
Event: 8.487 GC heap after
{Heap after GC invocations=28 (full 0):
 garbage-first heap   total 323584K, used 56693K [0x0000000704e00000, 0x0000000800000000)
  region size 2048K, 5 young (10240K), 5 survivors (10240K)
 Metaspace       used 47044K, committed 47488K, reserved 1097728K
  class space    used 6527K, committed 6720K, reserved 1048576K
}
Event: 10.167 GC heap before
{Heap before GC invocations=28 (full 0):
 garbage-first heap   total 323584K, used 238965K [0x0000000704e00000, 0x0000000800000000)
  region size 2048K, 94 young (192512K), 5 survivors (10240K)
 Metaspace       used 54311K, committed 54848K, reserved 1097728K
  class space    used 7667K, committed 7936K, reserved 1048576K
}
Event: 10.173 GC heap after
{Heap after GC invocations=29 (full 0):
 garbage-first heap   total 323584K, used 59708K [0x0000000704e00000, 0x0000000800000000)
  region size 2048K, 6 young (12288K), 6 survivors (12288K)
 Metaspace       used 54311K, committed 54848K, reserved 1097728K
  class space    used 7667K, committed 7936K, reserved 1048576K
}
Event: 10.903 GC heap before
{Heap before GC invocations=29 (full 0):
 garbage-first heap   total 323584K, used 149820K [0x0000000704e00000, 0x0000000800000000)
  region size 2048K, 51 young (104448K), 6 survivors (12288K)
 Metaspace       used 59089K, committed 59648K, reserved 1105920K
  class space    used 8401K, committed 8704K, reserved 1048576K
}
Event: 10.911 GC heap after
{Heap after GC invocations=30 (full 0):
 garbage-first heap   total 323584K, used 61305K [0x0000000704e00000, 0x0000000800000000)
  region size 2048K, 7 young (14336K), 7 survivors (14336K)
 Metaspace       used 59089K, committed 59648K, reserved 1105920K
  class space    used 8401K, committed 8704K, reserved 1048576K
}
Event: 11.961 GC heap before
{Heap before GC invocations=31 (full 0):
 garbage-first heap   total 225280K, used 182137K [0x0000000704e00000, 0x0000000800000000)
  region size 2048K, 66 young (135168K), 7 survivors (14336K)
 Metaspace       used 67350K, committed 67904K, reserved 1114112K
  class space    used 9802K, committed 10048K, reserved 1048576K
}
Event: 11.972 GC heap after
{Heap after GC invocations=32 (full 0):
 garbage-first heap   total 225280K, used 66192K [0x0000000704e00000, 0x0000000800000000)
  region size 2048K, 5 young (10240K), 5 survivors (10240K)
 Metaspace       used 67350K, committed 67904K, reserved 1114112K
  class space    used 9802K, committed 10048K, reserved 1048576K
}
Event: 12.423 GC heap before
{Heap before GC invocations=32 (full 0):
 garbage-first heap   total 225280K, used 191120K [0x0000000704e00000, 0x0000000800000000)
  region size 2048K, 66 young (135168K), 5 survivors (10240K)
 Metaspace       used 67809K, committed 68416K, reserved 1114112K
  class space    used 9863K, committed 10112K, reserved 1048576K
}
Event: 12.431 GC heap after
{Heap after GC invocations=33 (full 0):
 garbage-first heap   total 225280K, used 67873K [0x0000000704e00000, 0x0000000800000000)
  region size 2048K, 6 young (12288K), 6 survivors (12288K)
 Metaspace       used 67809K, committed 68416K, reserved 1114112K
  class space    used 9863K, committed 10112K, reserved 1048576K
}
Event: 12.733 GC heap before
{Heap before GC invocations=33 (full 0):
 garbage-first heap   total 225280K, used 188705K [0x0000000704e00000, 0x0000000800000000)
  region size 2048K, 65 young (133120K), 6 survivors (12288K)
 Metaspace       used 68053K, committed 68672K, reserved 1114112K
  class space    used 9900K, committed 10176K, reserved 1048576K
}
Event: 12.741 GC heap after
{Heap after GC invocations=34 (full 0):
 garbage-first heap   total 225280K, used 69478K [0x0000000704e00000, 0x0000000800000000)
  region size 2048K, 6 young (12288K), 6 survivors (12288K)
 Metaspace       used 68053K, committed 68672K, reserved 1114112K
  class space    used 9900K, committed 10176K, reserved 1048576K
}
Event: 13.364 GC heap before
{Heap before GC invocations=34 (full 0):
 garbage-first heap   total 225280K, used 186214K [0x0000000704e00000, 0x0000000800000000)
  region size 2048K, 63 young (129024K), 6 survivors (12288K)
 Metaspace       used 69807K, committed 70464K, reserved 1114112K
  class space    used 10126K, committed 10432K, reserved 1048576K
}
Event: 13.371 GC heap after
{Heap after GC invocations=35 (full 0):
 garbage-first heap   total 282624K, used 71295K [0x0000000704e00000, 0x0000000800000000)
  region size 2048K, 6 young (12288K), 6 survivors (12288K)
 Metaspace       used 69807K, committed 70464K, reserved 1114112K
  class space    used 10126K, committed 10432K, reserved 1048576K
}
Event: 14.070 GC heap before
{Heap before GC invocations=35 (full 0):
 garbage-first heap   total 282624K, used 226943K [0x0000000704e00000, 0x0000000800000000)
  region size 2048K, 82 young (167936K), 6 survivors (12288K)
 Metaspace       used 72592K, committed 73280K, reserved 1114112K
  class space    used 10488K, committed 10816K, reserved 1048576K
}
Event: 14.077 GC heap after
{Heap after GC invocations=36 (full 0):
 garbage-first heap   total 282624K, used 74317K [0x0000000704e00000, 0x0000000800000000)
  region size 2048K, 7 young (14336K), 7 survivors (14336K)
 Metaspace       used 72592K, committed 73280K, reserved 1114112K
  class space    used 10488K, committed 10816K, reserved 1048576K
}
Event: 45.401 GC heap before
{Heap before GC invocations=36 (full 0):
 garbage-first heap   total 282624K, used 225869K [0x0000000704e00000, 0x0000000800000000)
  region size 2048K, 82 young (167936K), 7 survivors (14336K)
 Metaspace       used 82605K, committed 83328K, reserved 1122304K
  class space    used 11930K, committed 12288K, reserved 1048576K
}
Event: 45.410 GC heap after
{Heap after GC invocations=37 (full 0):
 garbage-first heap   total 282624K, used 80811K [0x0000000704e00000, 0x0000000800000000)
  region size 2048K, 8 young (16384K), 8 survivors (16384K)
 Metaspace       used 82605K, committed 83328K, reserved 1122304K
  class space    used 11930K, committed 12288K, reserved 1048576K
}

Deoptimization events (20 events):
Event: 515.049 Thread 0x0000015a9be74ca0 DEOPT PACKING pc=0x0000015a8b3e53dc sp=0x00000051176ff110
Event: 515.049 Thread 0x0000015a9be74ca0 DEOPT UNPACKING pc=0x0000015a8b016763 sp=0x00000051176fe600 mode 1
Event: 515.049 Thread 0x0000015a9be74ca0 DEOPT PACKING pc=0x0000015a8bd3e60c sp=0x00000051176ff270
Event: 515.049 Thread 0x0000015a9be74ca0 DEOPT UNPACKING pc=0x0000015a8b016763 sp=0x00000051176fe730 mode 1
Event: 515.049 Thread 0x0000015a9be74ca0 DEOPT PACKING pc=0x0000015a8b4264e4 sp=0x00000051176fe530
Event: 515.049 Thread 0x0000015a9be74ca0 DEOPT UNPACKING pc=0x0000015a8b016763 sp=0x00000051176fd9c8 mode 1
Event: 515.049 Thread 0x0000015a9be74ca0 DEOPT PACKING pc=0x0000015a8b40ed7c sp=0x00000051176fe600
Event: 515.049 Thread 0x0000015a9be74ca0 DEOPT UNPACKING pc=0x0000015a8b016763 sp=0x00000051176fdab8 mode 1
Event: 515.049 Thread 0x0000015a9be74ca0 DEOPT PACKING pc=0x0000015a8b3e53dc sp=0x00000051176fefe0
Event: 515.049 Thread 0x0000015a9be74ca0 DEOPT UNPACKING pc=0x0000015a8b016763 sp=0x00000051176fe4b8 mode 1
Event: 515.049 Thread 0x0000015a9be74ca0 DEOPT PACKING pc=0x0000015a8b6f3fdc sp=0x00000051176ff080
Event: 515.049 Thread 0x0000015a9be74ca0 DEOPT UNPACKING pc=0x0000015a8b016763 sp=0x00000051176fe698 mode 1
Event: 515.050 Thread 0x0000015a9be74ca0 DEOPT PACKING pc=0x0000015a8b4264e4 sp=0x00000051176fe660
Event: 515.050 Thread 0x0000015a9be74ca0 DEOPT UNPACKING pc=0x0000015a8b016763 sp=0x00000051176fdaf8 mode 1
Event: 515.050 Thread 0x0000015a9be74ca0 DEOPT PACKING pc=0x0000015a8b40ed7c sp=0x00000051176fe730
Event: 515.050 Thread 0x0000015a9be74ca0 DEOPT UNPACKING pc=0x0000015a8b016763 sp=0x00000051176fdbe8 mode 1
Event: 515.050 Thread 0x0000015a9be74ca0 DEOPT PACKING pc=0x0000015a8b3e53dc sp=0x00000051176ff110
Event: 515.050 Thread 0x0000015a9be74ca0 DEOPT UNPACKING pc=0x0000015a8b016763 sp=0x00000051176fe600 mode 1
Event: 515.050 Thread 0x0000015a9be74ca0 DEOPT PACKING pc=0x0000015a8bd3e60c sp=0x00000051176ff270
Event: 515.050 Thread 0x0000015a9be74ca0 DEOPT UNPACKING pc=0x0000015a8b016763 sp=0x00000051176fe730 mode 1

Classes unloaded (0 events):
No events

Classes redefined (1 events):
Event: 515.379 Thread 0x0000015a999caff0 redefined class name=com.melilla.gestPlanes.repository.CiudadanoSpecification, count=1

Internal exceptions (20 events):
Event: 14.182 Thread 0x0000015a9be73960 Exception <a 'sun/nio/fs/WindowsException'{0x0000000715329250}> (0x0000000715329250) 
thrown [t:\workspace\open\src\hotspot\share\prims\jni.cpp, line 516]
Event: 14.184 Thread 0x0000015a9be73960 Exception <a 'sun/nio/fs/WindowsException'{0x0000000715335040}> (0x0000000715335040) 
thrown [t:\workspace\open\src\hotspot\share\prims\jni.cpp, line 516]
Event: 14.201 Thread 0x0000015a9be73960 Exception <a 'java/lang/NoSuchMethodError'{0x00000007151124b8}: 'java.lang.Object java.lang.invoke.DirectMethodHandle$Holder.invokeVirtual(java.lang.Object, java.lang.Object, int)'> (0x00000007151124b8) 
thrown [t:\workspace\open\src\hotspot\share\interpreter\linkResolver.cpp, line 766]
Event: 14.272 Thread 0x0000015a9be73960 Exception <a 'java/lang/reflect/InvocationTargetException'{0x0000000714910800}> (0x0000000714910800) 
thrown [t:\workspace\open\src\hotspot\share\runtime\reflection.cpp, line 1121]
Event: 14.274 Thread 0x0000015a9be73960 Exception <a 'java/lang/reflect/InvocationTargetException'{0x00000007149197f8}> (0x00000007149197f8) 
thrown [t:\workspace\open\src\hotspot\share\runtime\reflection.cpp, line 1121]
Event: 14.511 Thread 0x0000015a9be73960 Exception <a 'java/lang/IncompatibleClassChangeError'{0x000000071373d6d0}: Found class java.lang.Object, but interface was expected> (0x000000071373d6d0) 
thrown [t:\workspace\open\src\hotspot\share\interpreter\linkResolver.cpp, line 833]
Event: 14.644 Thread 0x0000015a9be73960 Exception <a 'java/lang/NoSuchMethodError'{0x0000000712c07ad8}: 'java.lang.Object java.lang.invoke.DirectMethodHandle$Holder.invokeInterface(java.lang.Object, java.lang.Object, java.lang.Object, java.lang.Object)'> (0x0000000712c07ad8) 
thrown [t:\workspace\open\src\hotspot\share\interpreter\linkResolver.cpp, line 766]
Event: 14.689 Thread 0x0000015a9be73960 Exception <a 'java/lang/NoSuchMethodError'{0x0000000712b64110}: 'void java.lang.invoke.DirectMethodHandle$Holder.invokeVirtual(java.lang.Object, java.lang.Object, int)'> (0x0000000712b64110) 
thrown [t:\workspace\open\src\hotspot\share\interpreter\linkResolver.cpp, line 766]
Event: 14.691 Thread 0x0000015a9be73960 Exception <a 'java/lang/NoSuchMethodError'{0x0000000712b7eac0}: 'void java.lang.invoke.DirectMethodHandle$Holder.invokeVirtual(java.lang.Object, java.lang.Object, long)'> (0x0000000712b7eac0) 
thrown [t:\workspace\open\src\hotspot\share\interpreter\linkResolver.cpp, line 766]
Event: 14.713 Thread 0x0000015a9be73960 Exception <a 'java/lang/NoSuchMethodError'{0x000000071295c378}: 'java.lang.Object java.lang.invoke.DirectMethodHandle$Holder.invokeSpecial(java.lang.Object, java.lang.Object, int, int, int, int)'> (0x000000071295c378) 
thrown [t:\workspace\open\src\hotspot\share\interpreter\linkResolver.cpp, line 766]
Event: 14.713 Thread 0x0000015a9be73960 Exception <a 'java/lang/NoSuchMethodError'{0x000000071295f9b8}: 'java.lang.Object java.lang.invoke.Invokers$Holder.linkToTargetMethod(int, int, int, int, java.lang.Object)'> (0x000000071295f9b8) 
thrown [t:\workspace\open\src\hotspot\share\interpreter\linkResolver.cpp, line 766]
Event: 14.812 Thread 0x0000015a9be73960 Exception <a 'java/lang/NoSuchMethodError'{0x0000000711e64008}: 'int java.lang.invoke.DirectMethodHandle$Holder.invokeStaticInit(java.lang.Object, java.lang.Object, java.lang.Object, java.lang.Object)'> (0x0000000711e64008) 
thrown [t:\workspace\open\src\hotspot\share\interpreter\linkResolver.cpp, line 766]
Event: 15.103 Thread 0x0000015a9be73960 Exception <a 'java/lang/NoSuchMethodError'{0x0000000710872ae0}: 'java.lang.Object java.lang.invoke.DirectMethodHandle$Holder.newInvokeSpecial(java.lang.Object, java.lang.Object, int, java.lang.Object, java.lang.Object)'> (0x0000000710872ae0) 
thrown [t:\workspace\open\src\hotspot\share\interpreter\linkResolver.cpp, line 766]
Event: 15.104 Thread 0x0000015a9be73960 Exception <a 'java/lang/NoSuchMethodError'{0x000000071087db98}: 'java.lang.Object java.lang.invoke.DirectMethodHandle$Holder.invokeSpecial(java.lang.Object, java.lang.Object, int, java.lang.Object, int, java.lang.Object)'> (0x000000071087db98) 
thrown [t:\workspace\open\src\hotspot\share\interpreter\linkResolver.cpp, line 766]
Event: 15.104 Thread 0x0000015a9be73960 Exception <a 'java/lang/NoSuchMethodError'{0x0000000710885bb8}: 'java.lang.Object java.lang.invoke.DirectMethodHandle$Holder.newInvokeSpecial(java.lang.Object, java.lang.Object, int, java.lang.Object, int)'> (0x0000000710885bb8) 
thrown [t:\workspace\open\src\hotspot\share\interpreter\linkResolver.cpp, line 766]
Event: 15.104 Thread 0x0000015a9be73960 Exception <a 'java/lang/NoSuchMethodError'{0x0000000710889cb8}: 'java.lang.Object java.lang.invoke.DirectMethodHandle$Holder.invokeSpecial(java.lang.Object, java.lang.Object, java.lang.Object, int, java.lang.Object, int)'> (0x0000000710889cb8) 
thrown [t:\workspace\open\src\hotspot\share\interpreter\linkResolver.cpp, line 766]
Event: 23.905 Thread 0x0000015aa15c5ee0 Exception <a 'java/lang/NoSuchMethodError'{0x000000070fa6a268}: 'java.lang.Object java.lang.invoke.DirectMethodHandle$Holder.invokeSpecial(java.lang.Object, java.lang.Object, java.lang.Object, java.lang.Object, java.lang.Object, long)'> (0x000000070fa6a268) 
thrown [t:\workspace\open\src\hotspot\share\interpreter\linkResolver.cpp, line 766]
Event: 23.905 Thread 0x0000015aa15c5ee0 Exception <a 'java/lang/NoSuchMethodError'{0x000000070fa6dca8}: 'java.lang.Object java.lang.invoke.Invokers$Holder.linkToTargetMethod(java.lang.Object, java.lang.Object, java.lang.Object, long, java.lang.Object)'> (0x000000070fa6dca8) 
thrown [t:\workspace\open\src\hotspot\share\interpreter\linkResolver.cpp, line 766]
Event: 24.222 Thread 0x0000015aa15c8090 Exception <a 'java/lang/IncompatibleClassChangeError'{0x000000070e02e658}: Found class java.lang.Object, but interface was expected> (0x000000070e02e658) 
thrown [t:\workspace\open\src\hotspot\share\interpreter\linkResolver.cpp, line 833]
Event: 42.482 Thread 0x0000015aa15c8090 Exception <a 'java/lang/IncompatibleClassChangeError'{0x000000070d018df8}: Found class java.lang.Object, but interface was expected> (0x000000070d018df8) 
thrown [t:\workspace\open\src\hotspot\share\interpreter\linkResolver.cpp, line 833]

VM Operations (20 events):
Event: 214.636 Executing VM operation: Cleanup
Event: 214.636 Executing VM operation: Cleanup done
Event: 256.955 Executing VM operation: Cleanup
Event: 256.955 Executing VM operation: Cleanup done
Event: 264.025 Executing VM operation: Cleanup
Event: 264.025 Executing VM operation: Cleanup done
Event: 515.311 Executing VM operation: ChangeSingleStep
Event: 515.311 Executing VM operation: ChangeSingleStep done
Event: 515.312 Executing VM operation: ChangeSingleStep
Event: 515.312 Executing VM operation: ChangeSingleStep done
Event: 515.314 Executing VM operation: get/set locals
Event: 515.314 Executing VM operation: get/set locals done
Event: 515.335 Executing VM operation: RedefineClasses
Event: 515.472 Executing VM operation: RedefineClasses done
Event: 515.514 Executing VM operation: ChangeBreakpoints
Event: 515.517 Executing VM operation: ChangeBreakpoints done
Event: 515.521 Executing VM operation: ChangeSingleStep
Event: 515.521 Executing VM operation: ChangeSingleStep done
Event: 515.525 Executing VM operation: ChangeSingleStep
Event: 515.525 Executing VM operation: ChangeSingleStep done

Events (20 events):
Event: 24.067 loading class javax/crypto/Mac
Event: 24.067 loading class javax/crypto/Mac done
Event: 24.067 loading class com/sun/crypto/provider/HmacCore$HmacSHA512
Event: 24.067 loading class com/sun/crypto/provider/HmacCore
Event: 24.068 loading class javax/crypto/MacSpi
Event: 24.068 loading class javax/crypto/MacSpi done
Event: 24.068 loading class com/sun/crypto/provider/HmacCore done
Event: 24.068 loading class com/sun/crypto/provider/HmacCore$HmacSHA512 done
Event: 24.068 loading class sun/security/provider/SHA5$SHA512
Event: 24.068 loading class sun/security/provider/SHA5
Event: 24.068 loading class sun/security/provider/SHA5 done
Event: 24.068 loading class sun/security/provider/SHA5$SHA512 done
Event: 24.328 loading class java/io/PushbackInputStream
Event: 24.328 loading class java/io/PushbackInputStream done
Event: 24.330 loading class org/w3c/dom/Document
Event: 24.330 loading class org/w3c/dom/Document done
Event: 91.503 Thread 0x0000015a9bb07320 Thread exited: 0x0000015a9bb07320
Event: 515.065 Thread 0x0000015aa15ca240 Thread added: 0x0000015aa15ca240
Event: 515.065 Thread 0x0000015a9be74ca0 Thread exited: 0x0000015a9be74ca0
Event: 515.130 Thread 0x0000015aa15c8f00 Thread exited: 0x0000015aa15c8f00


Dynamic libraries:
0x00007ff6a5700000 - 0x00007ff6a570e000 	C:\Program Files\Java\jdk-17.0.1\bin\javaw.exe
0x00007ffc005e0000 - 0x00007ffc00847000 	C:\WINDOWS\SYSTEM32\ntdll.dll
0x00007ffbfefa0000 - 0x00007ffbff069000 	C:\WINDOWS\System32\KERNEL32.DLL
0x00007ffbfdec0000 - 0x00007ffbfe2af000 	C:\WINDOWS\System32\KERNELBASE.dll
0x00007ffbfdbf0000 - 0x00007ffbfdd3b000 	C:\WINDOWS\System32\ucrtbase.dll
0x00007ffbebd90000 - 0x00007ffbebdaa000 	C:\Program Files\Java\jdk-17.0.1\bin\VCRUNTIME140.dll
0x00007ffbead00000 - 0x00007ffbead18000 	C:\Program Files\Java\jdk-17.0.1\bin\jli.dll
0x00007ffc00000000 - 0x00007ffc001c5000 	C:\WINDOWS\System32\USER32.dll
0x00007ffbfd7c0000 - 0x00007ffbfd7e7000 	C:\WINDOWS\System32\win32u.dll
0x00007ffbfe430000 - 0x00007ffbfe45b000 	C:\WINDOWS\System32\GDI32.dll
0x00007ffbfd8a0000 - 0x00007ffbfd9cc000 	C:\WINDOWS\System32\gdi32full.dll
0x00007ffbfdb40000 - 0x00007ffbfdbe3000 	C:\WINDOWS\System32\msvcp_win.dll
0x00007ffbcc5e0000 - 0x00007ffbcc873000 	C:\WINDOWS\WinSxS\amd64_microsoft.windows.common-controls_6595b64144ccf1df_6.0.26100.7309_none_3e05feeae336a044\COMCTL32.dll
0x00007ffbfe380000 - 0x00007ffbfe429000 	C:\WINDOWS\System32\msvcrt.dll
0x00007ffbfea00000 - 0x00007ffbfea31000 	C:\WINDOWS\System32\IMM32.DLL
0x00007ffbfa090000 - 0x00007ffbfa09c000 	C:\Program Files\Java\jdk-17.0.1\bin\vcruntime140_1.dll
0x00007ffbc09a0000 - 0x00007ffbc0a2d000 	C:\Program Files\Java\jdk-17.0.1\bin\msvcp140.dll
0x00007ffb53fe0000 - 0x00007ffb54b9e000 	C:\Program Files\Java\jdk-17.0.1\bin\server\jvm.dll
0x00007ffbfed40000 - 0x00007ffbfedf4000 	C:\WINDOWS\System32\ADVAPI32.dll
0x00007ffbffc30000 - 0x00007ffbffcd6000 	C:\WINDOWS\System32\sechost.dll
0x00007ffbfeb60000 - 0x00007ffbfec78000 	C:\WINDOWS\System32\RPCRT4.dll
0x00007ffbffe70000 - 0x00007ffbffe78000 	C:\WINDOWS\System32\PSAPI.DLL
0x00007ffbece60000 - 0x00007ffbece95000 	C:\WINDOWS\SYSTEM32\WINMM.dll
0x00007ffbc7a80000 - 0x00007ffbc7a8a000 	C:\WINDOWS\SYSTEM32\WSOCK32.dll
0x00007ffc00520000 - 0x00007ffc00594000 	C:\WINDOWS\System32\WS2_32.dll
0x00007ffbfa6b0000 - 0x00007ffbfa6bb000 	C:\WINDOWS\SYSTEM32\VERSION.dll
0x00007ffbfbfc0000 - 0x00007ffbfbfdb000 	C:\WINDOWS\SYSTEM32\kernel.appcore.dll
0x00007ffbf2ca0000 - 0x00007ffbf2caa000 	C:\Program Files\Java\jdk-17.0.1\bin\jimage.dll
0x00007ffbfa290000 - 0x00007ffbfa4d2000 	C:\WINDOWS\SYSTEM32\DBGHELP.DLL
0x00007ffbff8a0000 - 0x00007ffbffc26000 	C:\WINDOWS\System32\combase.dll
0x00007ffbfe920000 - 0x00007ffbfe9f6000 	C:\WINDOWS\System32\OLEAUT32.dll
0x00007ffbe1360000 - 0x00007ffbe139c000 	C:\WINDOWS\SYSTEM32\dbgcore.DLL
0x00007ffbfd7f0000 - 0x00007ffbfd895000 	C:\WINDOWS\System32\bcryptPrimitives.dll
0x00007ffbeacc0000 - 0x00007ffbeacfb000 	C:\Program Files\Java\jdk-17.0.1\bin\jdwp.dll
0x00007ffbe27f0000 - 0x00007ffbe27fe000 	C:\Program Files\Java\jdk-17.0.1\bin\instrument.dll
0x00007ffbe27c0000 - 0x00007ffbe27e5000 	C:\Program Files\Java\jdk-17.0.1\bin\java.dll
0x00007ffbae790000 - 0x00007ffbae866000 	C:\Program Files\Java\jdk-17.0.1\bin\svml.dll
0x00007ffbff0d0000 - 0x00007ffbff823000 	C:\WINDOWS\System32\SHELL32.dll
0x00007ffbfd9d0000 - 0x00007ffbfdb3a000 	C:\WINDOWS\System32\wintypes.dll
0x00007ffbfabb0000 - 0x00007ffbfb40e000 	C:\WINDOWS\SYSTEM32\windows.storage.dll
0x00007ffbffe80000 - 0x00007ffbfff75000 	C:\WINDOWS\System32\SHCORE.dll
0x00007ffbff830000 - 0x00007ffbff896000 	C:\WINDOWS\System32\shlwapi.dll
0x00007ffbfd650000 - 0x00007ffbfd679000 	C:\WINDOWS\SYSTEM32\profapi.dll
0x00007ffbe12e0000 - 0x00007ffbe12ec000 	C:\Program Files\Java\jdk-17.0.1\bin\dt_socket.dll
0x00007ffbfb7b0000 - 0x00007ffbfb7e4000 	C:\WINDOWS\SYSTEM32\IPHLPAPI.DLL
0x00007ffbfc640000 - 0x00007ffbfc6ab000 	C:\WINDOWS\system32\mswsock.dll
0x00007ffbfb840000 - 0x00007ffbfb96c000 	C:\WINDOWS\SYSTEM32\DNSAPI.dll
0x00007ffbfe910000 - 0x00007ffbfe91a000 	C:\WINDOWS\System32\NSI.dll
0x00007ffbf1470000 - 0x00007ffbf147b000 	C:\Windows\System32\rasadhlp.dll
0x00007ffbf3640000 - 0x00007ffbf36c6000 	C:\WINDOWS\System32\fwpuclnt.dll
0x00007ffbe0fa0000 - 0x00007ffbe0fb8000 	C:\Program Files\Java\jdk-17.0.1\bin\zip.dll
0x00007ffbe0f80000 - 0x00007ffbe0f99000 	C:\Program Files\Java\jdk-17.0.1\bin\net.dll
0x00007ffbfbfe0000 - 0x00007ffbfc108000 	C:\WINDOWS\SYSTEM32\WINHTTP.dll
0x00007ffbe0ea0000 - 0x00007ffbe0eb5000 	C:\Program Files\Java\jdk-17.0.1\bin\nio.dll
0x00007ffbe09c0000 - 0x00007ffbe09c9000 	C:\Program Files\Java\jdk-17.0.1\bin\management.dll
0x00007ffbe0820000 - 0x00007ffbe082b000 	C:\Program Files\Java\jdk-17.0.1\bin\management_ext.dll
0x00007ffbe3530000 - 0x00007ffbe3548000 	C:\WINDOWS\system32\napinsp.dll
0x00007ffbe2f40000 - 0x00007ffbe2f52000 	C:\WINDOWS\System32\winrnr.dll
0x00007ffbe3120000 - 0x00007ffbe3142000 	C:\WINDOWS\system32\nlansp_c.dll
0x00007ffbeea80000 - 0x00007ffbeea96000 	C:\WINDOWS\system32\wshbth.dll
0x00007ffbfca30000 - 0x00007ffbfca4b000 	C:\WINDOWS\SYSTEM32\CRYPTSP.dll
0x00007ffbfbf20000 - 0x00007ffbfbf5a000 	C:\WINDOWS\system32\rsaenh.dll
0x00007ffbfc6f0000 - 0x00007ffbfc71b000 	C:\WINDOWS\SYSTEM32\USERENV.dll
0x00007ffbfd620000 - 0x00007ffbfd64a000 	C:\WINDOWS\SYSTEM32\bcrypt.dll
0x00007ffbfc890000 - 0x00007ffbfc89c000 	C:\WINDOWS\SYSTEM32\CRYPTBASE.dll
0x00007ffbf33c0000 - 0x00007ffbf33de000 	C:\WINDOWS\SYSTEM32\dhcpcsvc6.DLL
0x00007ffbf3370000 - 0x00007ffbf3393000 	C:\WINDOWS\SYSTEM32\dhcpcsvc.DLL
0x00007ffbe06c0000 - 0x00007ffbe06d0000 	C:\Program Files\Java\jdk-17.0.1\bin\verify.dll
0x00007ffbdbf80000 - 0x00007ffbdbf8e000 	C:\Program Files\Java\jdk-17.0.1\bin\sunmscapi.dll
0x00007ffbfdd40000 - 0x00007ffbfdeb7000 	C:\WINDOWS\System32\CRYPT32.dll
0x00007ffbfcb80000 - 0x00007ffbfcbb0000 	C:\WINDOWS\SYSTEM32\ncrypt.dll
0x00007ffbfcb30000 - 0x00007ffbfcb6f000 	C:\WINDOWS\SYSTEM32\NTASN1.dll
0x00007ffbc02b0000 - 0x00007ffbc02b8000 	C:\WINDOWS\system32\wshunix.dll

dbghelp: loaded successfully - version: 4.0.5 - missing functions: none
symbol engine: initialized successfully - sym options: 0x614 - pdb path: .;C:\Program Files\Java\jdk-17.0.1\bin;C:\WINDOWS\SYSTEM32;C:\WINDOWS\WinSxS\amd64_microsoft.windows.common-controls_6595b64144ccf1df_6.0.26100.7309_none_3e05feeae336a044;C:\Program Files\Java\jdk-17.0.1\bin\server

VM Arguments:
jvm_args: -XX:+ShowCodeDetailsInExceptionMessages -agentlib:jdwp=transport=dt_socket,suspend=y,address=localhost:52633 -Dcom.sun.management.jmxremote -Dcom.sun.management.jmxremote.port=62308 -Dcom.sun.management.jmxremote.authenticate=false -Dcom.sun.management.jmxremote.ssl=false -Djava.rmi.server.hostname=localhost -Dspring.jmx.enabled=true -Dmanagement.endpoints.jmx.exposure.include=* -Dspring.application.admin.enabled=true -Dspring.output.ansi.enabled=always -XX:TieredStopAtLevel=1 -Dspring.boot.project.name=gestPlanes -javaagent:D:\programas\eclipse\eclipse\configuration\org.eclipse.osgi\3367\0\.cp\lib\javaagent-shaded.jar -Dfile.encoding=UTF-8 -Dstdout.encoding=UTF-8 -Dstderr.encoding=UTF-8 
java_command: com.melilla.gestPlanes.GestPlanesApplication
java_class_path (initial): D:\proyectos\gestPlanes\target\classes;C:\Users\juancarlos.pmera\.m2\repository\org\springframework\boot\spring-boot-starter-tomcat\3.0.13\spring-boot-starter-tomcat-3.0.13.jar;C:\Users\juancarlos.pmera\.m2\repository\jakarta\annotation\jakarta.annotation-api\2.1.1\jakarta.annotation-api-2.1.1.jar;C:\Users\juancarlos.pmera\.m2\repository\org\apache\tomcat\embed\tomcat-embed-core\10.1.16\tomcat-embed-core-10.1.16.jar;C:\Users\juancarlos.pmera\.m2\repository\org\apache\tomcat\embed\tomcat-embed-el\10.1.16\tomcat-embed-el-10.1.16.jar;C:\Users\juancarlos.pmera\.m2\repository\org\apache\tomcat\embed\tomcat-embed-websocket\10.1.16\tomcat-embed-websocket-10.1.16.jar;C:\Users\juancarlos.pmera\.m2\repository\org\apache\commons\commons-text\1.14.0\commons-text-1.14.0.jar;C:\Users\juancarlos.pmera\.m2\repository\org\springframework\boot\spring-boot-starter-hateoas\3.0.13\spring-boot-starter-hateoas-3.0.13.jar;C:\Users\juancarlos.pmera\.m2\repository\org\springframework\hateoas\spring-hateoas\2.0.7\spring-hateoas-2.0.7.jar;C:\Users\juancarlos.pmera\.m2\repository\org\springframework\spring-beans\6.0.14\spring-beans-6.0.14.jar;C:\Users\juancarlos.pmera\.m2\repository\org\springframework\spring-context\6.0.14\spring-context-6.0.14.jar;C:\Users\juancarlos.pmera\.m2\repository\org\springframework\plugin\spring-plugin-core\3.0.0\spring-plugin-core-3.0.0.jar;C:\Users\juancarlos.pmera\.m2\repository\org\springframework\boot\spring-boot-starter-mail\3.0.13\spring-boot-starter-mail-3.0.13.jar;C:\Users\juancarlos.pmera\.m2\repository\org\springframework\boot\spring-boot-starter\3.0.13\spring-boot-starter-3.0.13.jar;C:\Users\juancarlos.pmera\.m2\repository\org\springframework\boot\spring-boot-starter-logging\3.0.13\spring-boot-starter-logging-3.0.13.jar;C:\Users\juancarlos.pmera\.m2\repository\org\apache\logging\log4j\log4j-to-slf4j\2.19.0\log4j-to-slf4j-2.19.0.jar;C:\Users\juancarlos.pmera\.m2\repository\org\yaml\snakeyaml\1.33\snakeyaml-1.33.jar;C:\Users\jua
Launcher Type: SUN_STANDARD

[Global flags]
     intx CICompilerCount                          = 4                                         {product} {ergonomic}
     uint ConcGCThreads                            = 2                                         {product} {ergonomic}
     uint G1ConcRefinementThreads                  = 8                                         {product} {ergonomic}
   size_t G1HeapRegionSize                         = 2097152                                   {product} {ergonomic}
    uintx GCDrainStackTargetSize                   = 64                                        {product} {ergonomic}
   size_t InitialHeapSize                          = 264241152                                 {product} {ergonomic}
     bool ManagementServer                         = true                                      {product} {command line}
   size_t MarkStackSize                            = 4194304                                   {product} {ergonomic}
   size_t MaxHeapSize                              = 4213178368                                {product} {ergonomic}
   size_t MaxNewSize                               = 2527068160                                {product} {ergonomic}
   size_t MinHeapDeltaBytes                        = 2097152                                   {product} {ergonomic}
   size_t MinHeapSize                              = 8388608                                   {product} {ergonomic}
    uintx NonProfiledCodeHeapSize                  = 0                                      {pd product} {ergonomic}
     bool ProfileInterpreter                       = false                                  {pd product} {command line}
    uintx ProfiledCodeHeapSize                     = 0                                      {pd product} {ergonomic}
     bool ShowCodeDetailsInExceptionMessages       = true                                   {manageable} {command line}
   size_t SoftMaxHeapSize                          = 4213178368                             {manageable} {ergonomic}
     intx TieredStopAtLevel                        = 1                                         {product} {command line}
     bool UseCompressedClassPointers               = true                           {product lp64_product} {ergonomic}
     bool UseCompressedOops                        = true                           {product lp64_product} {ergonomic}
     bool UseG1GC                                  = true                                      {product} {ergonomic}
     bool UseLargePagesIndividualAllocation        = false                                  {pd product} {ergonomic}

Logging:
Log output configuration:
 #0: stdout all=warning uptime,level,tags
 #1: stderr all=off uptime,level,tags

Environment Variables:
PATH=C:/Users/juancarlos.pmera/.p2/pool/plugins/org.eclipse.justj.openjdk.hotspot.jre.full.win32.x86_64_23.0.1.v20241024-1700/jre/bin/server;C:/Users/juancarlos.pmera/.p2/pool/plugins/org.eclipse.justj.openjdk.hotspot.jre.full.win32.x86_64_23.0.1.v20241024-1700/jre/bin;C:\Python310\Scripts\;C:\Python310\;C:\Program Files (x86)\Common Files\Oracle\Java\javapath;C:\Program Files (x86)\JasperStarter\bin;C:\Windows\System32;C:\Windows;C:\Windows\System32\wbem;C:\Windows\System32\WindowsPowerShell\v1.0\;C:\Windows\System32\OpenSSH\;C:\Program Files (x86)\GnuPG\bin;C:\Program Files\PuTTY\;D:\programas\apache-maven-3.9.3\bin;C:\Program Files\Git\cmd;C:\Program Files\dotnet\;D:\programas\xampp\php;C:\ProgramData\ComposerSetup\bin;C:\Program Files\Java\jre1.8.0_301\bin;D:\programas\nodejs\;C:\Program Files\Java\jdk-17.0.1\bin;C:\Program Files\Microsoft SQL Server\150\Tools\Binn\;C:\Program Files\Microsoft SQL Server\Client SDK\ODBC\170\Tools\Binn\;C:\Program Files\Micron Technology\Micron Storage Executive;C:\Program Files (x86)\Pulse Secure\VC142.CRT\X64\;C:\Program Files (x86)\Pulse Secure\VC142.CRT\X86\;C:\Program Files (x86)\Common Files\Pulse Secure\TNC Client Plugin\;C:\WINDOWS\system32;C:\WINDOWS;C:\WINDOWS\System32\Wbem;C:\WINDOWS\System32\WindowsPowerShell\v1.0\;C:\WINDOWS\System32\OpenSSH\;C:\Users\juancarlos.pmera\AppData\Local\Microsoft\WindowsApps;C:\Users\juancarlos.pmera\.dotnet\tools;C:\Users\juancarlos.pmera\AppData\Roaming\Composer\vendor\bin;C:\Users\juancarlos.pmera\AppData\Roaming\npm;C:\Users\juancarlos.pmera\AppData\Local\GitHubDesktop\bin;;D:\programas\Microsoft VS Code\bin;C:\Users\juancarlos.pmera\AppData\Local\PowerToys\DSCModules\;C:\WINDOWS\system32;
USERNAME=juancarlos.pmera
OS=Windows_NT
PROCESSOR_IDENTIFIER=Intel64 Family 6 Model 140 Stepping 1, GenuineIntel



---------------  S Y S T E M  ---------------

OS:
 Windows 10 , 64 bit Build 26100 (10.0.26100.7623)
OS uptime: 4 days 5:13 hours
Hyper-V role detected

CPU: total 8 (initial active 8) (4 cores per cpu, 2 threads per core) family 6 model 140 stepping 1 microcode 0xbc, cx8, cmov, fxsr, ht, mmx, 3dnowpref, sse, sse2, sse3, ssse3, sse4.1, sse4.2, popcnt, lzcnt, tsc, tscinvbit, avx, avx2, aes, erms, clmul, bmi1, bmi2, adx, avx512f, avx512dq, avx512cd, avx512bw, avx512vl, sha, fma, vzeroupper, avx512_vpopcntdq, avx512_vpclmulqdq, avx512_vaes, avx512_vnni, clflush, clflushopt, clwb, avx512_vbmi2, avx512_vbmi, hv

Memory: 4k page, system-wide physical 16064M (1825M free)
TotalPageFile size 31546M (AvailPageFile size 1076M)
current process WorkingSet (physical memory assigned to process): 271M, peak: 477M
current process commit charge ("private bytes"): 518M, peak: 524M

vm_info: OpenJDK 64-Bit Server VM (17.0.1+12-39) for windows-amd64 JRE (17.0.1+12-39), built on Sep 27 2021 18:39:29 by "mach5one" with MS VC++ 16.8 (VS2019)

END.
